
[TestYAMLParserSuite/TestExamples - 1]
{
 "anomalyEngine": {
  "sensitivity": "SENSITIVITY_BALANCED"
 },
 "configId": "financial_data",
 "daily": {},
 "freshness": {
  "expression": "month"
 },
 "id": "614ff05c-176a-5a79-abdf-a7e1d904d24f",
 "monitoredId": {
  "synqPath": {
   "path": "bq-synq-demo::nyc_taxi::financial_statement"
  }
 },
 "name": "freshness_financial_statement",
 "severity": "SEVERITY_ERROR",
 "timePartitioning": {
  "expression": "month"
 }
}
---

[TestYAMLParserSuite/TestExamples - 2]
{
 "anomalyEngine": {
  "sensitivity": "SENSITIVITY_BALANCED"
 },
 "configId": "financial_data",
 "daily": {},
 "id": "0dbdc387-8445-5aa0-981a-8b4728e0af60",
 "monitoredId": {
  "synqPath": {
   "path": "bq-synq-demo::nyc_taxi::financial_statement"
  }
 },
 "name": "volume_financial_statement",
 "severity": "SEVERITY_ERROR",
 "timePartitioning": {
  "expression": "month"
 },
 "volume": {}
}
---

[TestYAMLParserSuite/TestExamples - 3]
{
 "anomalyEngine": {
  "sensitivity": "SENSITIVITY_BALANCED"
 },
 "configId": "financial_data",
 "daily": {},
 "fieldStats": {
  "fields": [
   "total_revenue",
   "total_tips"
  ]
 },
 "id": "f145c74e-6470-50b7-914f-6236204edc0f",
 "monitoredId": {
  "synqPath": {
   "path": "bq-synq-demo::nyc_taxi::financial_statement"
  }
 },
 "name": "stats_financial_statement",
 "severity": "SEVERITY_ERROR",
 "timePartitioning": {
  "expression": "month"
 }
}
---

[TestYAMLParserSuite/TestExamples - 4]
{
 "configId": "financial_data",
 "customNumeric": {
  "metricAggregation": "MIN(total_revenue)"
 },
 "daily": {},
 "fixedThresholds": {
  "min": 0
 },
 "id": "9fb70d1d-274e-517c-b599-e910086b73c5",
 "monitoredId": {
  "synqPath": {
   "path": "bq-synq-demo::nyc_taxi::financial_statement"
  }
 },
 "name": "custom_financial_statement_revenue_nonnegative",
 "severity": "SEVERITY_ERROR",
 "timePartitioning": {
  "expression": "month"
 }
}
---

[TestYAMLParserSuite/TestExamples - 5]
{
 "anomalyEngine": {
  "sensitivity": "SENSITIVITY_BALANCED"
 },
 "daily": {},
 "id": "0f3f24bc-dc6b-5e16-b99c-b292dbad45b7",
 "monitoredId": {
  "synqPath": {
   "path": "ch-prod::default::orders"
  }
 },
 "name": "Orders Volume Monitor",
 "severity": "SEVERITY_ERROR",
 "timePartitioning": {
  "expression": "created_at"
 },
 "timezone": "UTC",
 "volume": {}
}
---

[TestYAMLParserSuite/TestExamples - 6]
{
 "anomalyEngine": {
  "sensitivity": "SENSITIVITY_BALANCED"
 },
 "daily": {},
 "freshness": {
  "expression": "created_at"
 },
 "id": "eedf42d7-dd78-5a1d-a2e5-9b188c04275c",
 "monitoredId": {
  "synqPath": {
   "path": "ch-prod::default::orders"
  }
 },
 "name": "Orders Freshness Monitor",
 "severity": "SEVERITY_ERROR",
 "timePartitioning": {
  "expression": "created_at"
 },
 "timezone": "UTC"
}
---

[TestYAMLParserSuite/TestExamples - 7]
{
 "anomalyEngine": {
  "sensitivity": "SENSITIVITY_BALANCED"
 },
 "customNumeric": {
  "metricAggregation": "SUM(amount)"
 },
 "daily": {},
 "id": "db45f178-3286-5039-b488-b81670bcfaac",
 "monitoredId": {
  "synqPath": {
   "path": "ch-prod::default::orders"
  }
 },
 "name": "Orders Revenue Monitor",
 "severity": "SEVERITY_ERROR",
 "timePartitioning": {
  "expression": "created_at"
 },
 "timezone": "UTC"
}
---

[TestYAMLParserSuite/TestExamples - 8]
{
 "anomalyEngine": {
  "sensitivity": "SENSITIVITY_BALANCED"
 },
 "daily": {},
 "fieldStats": {
  "fields": [
   "status",
   "payment_method"
  ]
 },
 "id": "4154da43-3170-55ed-937e-e04d515da045",
 "monitoredId": {
  "synqPath": {
   "path": "ch-prod::default::orders"
  }
 },
 "name": "Orders Field Statistics",
 "severity": "SEVERITY_ERROR",
 "timePartitioning": {
  "expression": "created_at"
 },
 "timezone": "UTC"
}
---
