
[TestYAMLParserSuite/TestExamples - 1]
{
 "anomalyEngine": {
  "sensitivity": "SENSITIVITY_BALANCED"
 },
 "configId": "team-Y",
 "daily": {},
 "id": "65bdf687-88be-5c6a-8fb2-c4e1a419e1e2",
 "monitoredId": {
  "synqPath": {
   "path": "ch-prod::default::runs"
  }
 },
 "name": "runs_volume_daily",
 "severity": "SEVERITY_ERROR",
 "timePartitioning": {
  "expression": "created_at"
 },
 "volume": {}
}
---

[TestYAMLParserSuite/TestExamples - 2]
{
 "anomalyEngine": {
  "sensitivity": "SENSITIVITY_BALANCED"
 },
 "configId": "team-Y",
 "daily": {},
 "id": "65bdf687-88be-5c6a-8fb2-c4e1a419e1e2",
 "monitoredId": {
  "synqPath": {
   "path": "ch-prod::default::runs"
  }
 },
 "name": "runs_volume_daily",
 "severity": "SEVERITY_ERROR",
 "timePartitioning": {
  "expression": "created_at"
 },
 "volume": {}
}
---
