
[TestYAMLParserSuite/TestExamples - 1]
{
 "anomalyEngine": {
  "sensitivity": "SENSITIVITY_BALANCED"
 },
 "hourly": {
  "minuteOfHour": 15,
  "onlyScheduleDelay": true
 },
 "id": "29b94d55-ba5f-5a55-a201-0b7eb30df29e",
 "monitoredId": {
  "synqPath": {
   "path": "ch-prod::default::runs"
  }
 },
 "name": "runs_volume_hourly",
 "severity": "SEVERITY_ERROR",
 "timePartitioning": {
  "expression": "created_at"
 },
 "timezone": "Europe/Prague",
 "volume": {}
}
---

[TestYAMLParserSuite/TestExamples - 2]
{
 "anomalyEngine": {
  "sensitivity": "SENSITIVITY_BALANCED"
 },
 "hourly": {
  "minuteOfHour": 15,
  "onlyScheduleDelay": true
 },
 "id": "29b94d55-ba5f-5a55-a201-0b7eb30df29e",
 "monitoredId": {
  "synqPath": {
   "path": "ch-prod::default::runs"
  }
 },
 "name": "runs_volume_hourly",
 "severity": "SEVERITY_ERROR",
 "timePartitioning": {
  "expression": "created_at"
 },
 "timezone": "Europe/Prague",
 "volume": {}
}
---
