
[TestYAMLParserSuite/TestExamples - 1]
{
 "anomalyEngine": {
  "sensitivity": "SENSITIVITY_BALANCED"
 },
 "configId": "foo",
 "customNumeric": {
  "metricAggregation": "f"
 },
 "daily": {},
 "id": "02228940-c2df-553b-985c-b85c505ef147",
 "monitoredId": {
  "synqPath": {
   "path": "bar"
  }
 },
 "name": "f",
 "severity": "SEVERITY_ERROR"
}
---
