
[TestYAMLGeneratorSuite/TestExamples - 1]
namespace: ""
monitors:
    - id: 65212e94-bf30-5f99-9c11-46dfda024ead
      name: runs_volume_daily
      type: volume
      monitored_id: runs_buffer
      severity: ERROR
      time_partitioning: created_at
      mode:
        anomaly_engine:
            sensitivity: BALANCED
      schedule:
        daily: 0
    - id: cd7a6968-78a3-5c9a-8f0e-e2a6bbaae074
      name: runs_volume_daily
      type: volume
      monitored_id: ch-prod::default::runs
      severity: ERROR
      time_partitioning: created_at
      mode:
        anomaly_engine:
            sensitivity: BALANCED
      schedule:
        daily: 0

---
