
[TestYAMLGeneratorSuite/TestExamples - 1]
version: v1beta2
namespace: data-team-pipeline
entities:
    - id: bq-synq-dwh::petr::kernel_assets__stg_assets
      time_partitioning_column: created_at
      monitors:
        - id: c20b07ae-27f5-50ff-ab17-7b11bed097dd
          type: volume
          name: volume_on_logs
          filter: country IN ('US', 'CA')
          severity: WARNING
          mode:
            anomaly_engine:
                sensitivity: BALANCED
          segmentation:
            expression: country
          schedule:
            type: daily
            query_delay: 1h0m0s
    - id: ch-prod::anomalies::corrections_v2
      time_partitioning_column: created_at
      monitors:
        - id: e90ecd7b-111d-5f14-9da7-e94c08f67655
          type: volume
          name: freshness_on_orders
          severity: ERROR
          mode:
            anomaly_engine:
                sensitivity: BALANCED
          schedule:
            type: daily
            query_delay: 1h0m0s
    - id: ch-prod::anomalies::external_sqltests
      time_partitioning_column: created_at
      monitors:
        - id: 24a0e18e-5ef3-5269-ba2b-fbec88270430
          type: volume
          name: freshness_on_orders
          severity: ERROR
          mode:
            anomaly_engine:
                sensitivity: BALANCED
          schedule:
            type: daily
            query_delay: 1h0m0s

---
