
[TestYAMLGeneratorSuite/TestExamples - 1]
version: v1beta2
namespace: ""
entities:
    - id: ch-prod::default::runs
      time_partitioning_column: created_at
      monitors:
        - id: 370fe457-ccc4-515d-a0e1-fc52f0234fbf
          name: runs_unique_workspaces
          type: custom_numeric
          filter: created_at > today()
          severity: ERROR
          mode:
            fixed_thresholds:
                max: 1000
          daily: {}
          metric_aggregation: COUNT(DISTINCT workspace)

---
