
[TestYAMLGeneratorSuite/TestExamples - 1]
version: v1beta2
entities:
    - id: ch-prod::default::orders
      time_partitioning_column: created_at
      monitors:
        - id: 0bb96edf-9eb5-5e5c-9545-c3339d95f06c
          type: freshness
          name: Orders Table Freshness
          severity: ERROR
          mode:
            anomaly_engine:
                sensitivity: BALANCED
          schedule: daily
          expression: created_at

---
