
[TestYAMLGeneratorSuite/TestExamples - 1]
version: v1beta2
entities:
    - id: ch-prod::default::runs
      time_partitioning_column: created_at
      monitors:
        - id: cd7a6968-78a3-5c9a-8f0e-e2a6bbaae074
          type: volume
          name: runs_volume_daily
          severity: ERROR
          mode:
            anomaly_engine:
                sensitivity: BALANCED
          schedule: daily
    - id: runs_buffer
      time_partitioning_column: created_at
      monitors:
        - id: 65212e94-bf30-5f99-9c11-46dfda024ead
          type: volume
          name: runs_volume_daily
          severity: ERROR
          mode:
            anomaly_engine:
                sensitivity: BALANCED
          schedule: daily

---
