
[TestYAMLGeneratorSuite/TestExamples - 1]
version: v1beta2
namespace: ""
entities:
    - id: ch-prod::default::runs
      time_partitioning_column: created_at
      monitors:
        - id: 5a6f522b-5fcc-57aa-b4ad-4b36db54c04f
          type: volume
          name: runs_volume_hourly
          severity: ERROR
          timezone: Europe/Prague
          mode:
            anomaly_engine:
                sensitivity: BALANCED
          schedule:
            type: hourly
            query_delay: 15m0s

---
