
[TestYAMLGeneratorSuite/TestExamples - 1]
version: v1beta2
entities:
    - id: ch-prod::default::runs
      time_partitioning_column: created_at
      monitors:
        - id: b6c784cf-7a31-5869-a56f-2000ba641961
          type: volume
          name: runs_volume_warn
          severity: WARNING
          mode:
            anomaly_engine:
                sensitivity: BALANCED
          schedule: daily

---
