
[TestYAMLGeneratorSuite/TestExamples - 1]
version: v1beta2
entities:
    - id: ch-prod::default::runs
      time_partitioning_column: created_at
      monitors:
        - id: cd7a6968-78a3-5c9a-8f0e-e2a6bbaae074
          type: volume
          name: runs_volume_daily
          severity: ERROR
          mode:
            anomaly_engine:
                sensitivity: BALANCED
          schedule: daily
        - id: 9aac87cd-c2a2-52ff-9493-c3f75e0ce87b
          type: volume
          name: runs_by_workspace
          severity: ERROR
          mode:
            anomaly_engine:
                sensitivity: BALANCED
          segmentation:
            expression: workspace
          schedule: daily

---
